../Drivers/CMSIS/Include/core_cm4.h:1809:22:__NVIC_SetPriority	16	static
../Drivers/CMSIS/Include/core_cm4.h:1933:34:__NVIC_SystemReset	4	static,ignoring_inline_asm
../Drivers/CMSIS/Include/core_cm4.h:2017:26:SysTick_Config	16	static
../Core/Src/main.c:80:5:main	16	static
../Core/Src/main.c:153:6:SystemClock_Config	96	static
../Core/Src/main.c:207:6:MainLoop	8	static
../Core/Src/main.c:228:6:HAL_TIM_PeriodElapsedCallback	16	static
../Core/Src/main.c:238:6:HAL_GPIO_EXTI_Callback	72	static,ignoring_inline_asm
../Core/Src/main.c:265:6:Error_Handler	8	static,ignoring_inline_asm
